// Jest Snapshot v1, https://goo.gl/fbAQLP

exports[`PeopleCard should match the screenshot 1`] = `
ShallowWrapper {
  Symbol(enzyme.__root__): [Circular],
  Symbol(enzyme.__unrendered__): <PeopleCard
    people={
      Object {
        "count": 87,
        "next": "https://swapi.co/api/people/?page=2",
        "previous": null,
        "results": Array [
          Object {
            "birth_year": "19BBY",
            "created": "2014-12-09T13:50:51.644000Z",
            "edited": "2014-12-20T21:17:56.891000Z",
            "eye_color": "blue",
            "films": Array [
              "https://swapi.co/api/films/2/",
              "https://swapi.co/api/films/6/",
              "https://swapi.co/api/films/3/",
              "https://swapi.co/api/films/1/",
              "https://swapi.co/api/films/7/",
            ],
            "gender": "male",
            "hair_color": "blond",
            "height": "172",
            "homeworld": "https://swapi.co/api/planets/1/",
            "mass": "77",
            "name": "Luke Skywalker",
            "skin_color": "fair",
            "species": Array [
              "https://swapi.co/api/species/1/",
            ],
            "starships": Array [
              "https://swapi.co/api/starships/12/",
              "https://swapi.co/api/starships/22/",
            ],
            "url": "https://swapi.co/api/people/1/",
            "vehicles": Array [
              "https://swapi.co/api/vehicles/14/",
              "https://swapi.co/api/vehicles/30/",
            ],
          },
          Object {
            "birth_year": "112BBY",
            "created": "2014-12-10T15:10:51.357000Z",
            "edited": "2014-12-20T21:17:50.309000Z",
            "eye_color": "yellow",
            "films": Array [
              "https://swapi.co/api/films/2/",
              "https://swapi.co/api/films/5/",
              "https://swapi.co/api/films/4/",
              "https://swapi.co/api/films/6/",
              "https://swapi.co/api/films/3/",
              "https://swapi.co/api/films/1/",
            ],
            "gender": "n/a",
            "hair_color": "n/a",
            "height": "167",
            "homeworld": "https://swapi.co/api/planets/1/",
            "mass": "75",
            "name": "C-3PO",
            "skin_color": "gold",
            "species": Array [
              "https://swapi.co/api/species/2/",
            ],
            "starships": Array [],
            "url": "https://swapi.co/api/people/2/",
            "vehicles": Array [],
          },
        ],
      }
    }
    planets={
      Array [
        Array [
          Object {
            "climate": "temperate",
            "created": "2014-12-10T11:35:48.479000Z",
            "diameter": "12500",
            "edited": "2014-12-20T20:58:18.420000Z",
            "films": Array [
              "https://swapi.co/api/films/6/",
              "https://swapi.co/api/films/1/",
            ],
            "gravity": "1 standard",
            "name": "Alderaan",
            "orbital_period": "364",
            "population": "2000000000",
            "residents": Array [
              "https://swapi.co/api/people/5/",
              "https://swapi.co/api/people/68/",
              "https://swapi.co/api/people/81/",
            ],
            "rotation_period": "24",
            "surface_water": "40",
            "terrain": "grasslands, mountains",
            "url": "https://swapi.co/api/planets/2/",
          },
          Object {
            "climate": "temperate, tropical",
            "created": "2014-12-10T11:37:19.144000Z",
            "diameter": "10200",
            "edited": "2014-12-20T20:58:18.421000Z",
            "films": Array [
              "https://swapi.co/api/films/1/",
            ],
            "gravity": "1 standard",
            "name": "Yavin IV",
            "orbital_period": "4818",
            "population": "1000",
            "residents": Array [],
            "rotation_period": "24",
            "surface_water": "8",
            "terrain": "jungle, rainforests",
            "url": "https://swapi.co/api/planets/3/",
          },
        ],
      ]
    }
    species={
      Array [
        Object {
          "species": "driod",
        },
      ]
    }
  />,
  Symbol(enzyme.__renderer__): Object {
    "batchedUpdates": [Function],
    "getNode": [Function],
    "render": [Function],
    "simulateError": [Function],
    "simulateEvent": [Function],
    "unmount": [Function],
  },
  Symbol(enzyme.__node__): Object {
    "instance": null,
    "key": undefined,
    "nodeType": "host",
    "props": Object {
      "children": Array [],
    },
    "ref": null,
    "rendered": Array [],
    "type": "div",
  },
  Symbol(enzyme.__nodes__): Array [
    Object {
      "instance": null,
      "key": undefined,
      "nodeType": "host",
      "props": Object {
        "children": Array [],
      },
      "ref": null,
      "rendered": Array [],
      "type": "div",
    },
  ],
  Symbol(enzyme.__options__): Object {
    "adapter": ReactSixteenAdapter {
      "options": Object {
        "enableComponentDidUpdateOnSetState": true,
        "lifecycles": Object {
          "componentDidUpdate": Object {
            "onSetState": true,
          },
          "getDerivedStateFromProps": true,
          "getSnapshotBeforeUpdate": true,
          "setState": Object {
            "skipsComponentDidUpdateOnNullish": true,
          },
        },
      },
    },
  },
}
`;
