// Jest Snapshot v1, https://goo.gl/fbAQLP

exports[`Menu should match the screenshot 1`] = `
ShallowWrapper {
  Symbol(enzyme.__root__): [Circular],
  Symbol(enzyme.__unrendered__): <Menu
    data={
      Array [
        Object {
          "service": "people",
        },
        Object {
          "service": "planets",
        },
      ]
    }
    favorites={
      Array [
        Object {
          "name": "Luke",
        },
        Object {
          "name": "Aldeern",
        },
      ]
    }
  />,
  Symbol(enzyme.__renderer__): Object {
    "batchedUpdates": [Function],
    "getNode": [Function],
    "render": [Function],
    "simulateError": [Function],
    "simulateEvent": [Function],
    "unmount": [Function],
  },
  Symbol(enzyme.__node__): Object {
    "instance": null,
    "key": undefined,
    "nodeType": "host",
    "props": Object {
      "children": <div
        className="menu-button"
        onClick={[Function]}
      >
        <ul
          className=""
        >
          <div>
            <NavLink
              activeClassName="active"
              aria-current="page"
              to="/people"
            />
            <NavLink
              activeClassName="active"
              aria-current="page"
              to="/planets"
            />
            <NavLink
              activeClassName="active"
              aria-current="page"
              to="/vehicles"
            />
            <NavLink
              activeClassName="active"
              aria-current="page"
              to="favorites"
            />
            <p
              className="num-faves"
            >
               
              2
               favorites saved 
            </p>
          </div>
        </ul>
      </div>,
      "className": "menu",
    },
    "ref": null,
    "rendered": Object {
      "instance": null,
      "key": undefined,
      "nodeType": "host",
      "props": Object {
        "children": <ul
          className=""
        >
          <div>
            <NavLink
              activeClassName="active"
              aria-current="page"
              to="/people"
            />
            <NavLink
              activeClassName="active"
              aria-current="page"
              to="/planets"
            />
            <NavLink
              activeClassName="active"
              aria-current="page"
              to="/vehicles"
            />
            <NavLink
              activeClassName="active"
              aria-current="page"
              to="favorites"
            />
            <p
              className="num-faves"
            >
               
              2
               favorites saved 
            </p>
          </div>
        </ul>,
        "className": "menu-button",
        "onClick": [Function],
      },
      "ref": null,
      "rendered": Object {
        "instance": null,
        "key": undefined,
        "nodeType": "host",
        "props": Object {
          "children": <div>
            <NavLink
              activeClassName="active"
              aria-current="page"
              to="/people"
            />
            <NavLink
              activeClassName="active"
              aria-current="page"
              to="/planets"
            />
            <NavLink
              activeClassName="active"
              aria-current="page"
              to="/vehicles"
            />
            <NavLink
              activeClassName="active"
              aria-current="page"
              to="favorites"
            />
            <p
              className="num-faves"
            >
               
              2
               favorites saved 
            </p>
          </div>,
          "className": "",
        },
        "ref": null,
        "rendered": Object {
          "instance": null,
          "key": undefined,
          "nodeType": "host",
          "props": Object {
            "children": Array [
              <NavLink
                activeClassName="active"
                aria-current="page"
                to="/people"
              />,
              <NavLink
                activeClassName="active"
                aria-current="page"
                to="/planets"
              />,
              <NavLink
                activeClassName="active"
                aria-current="page"
                to="/vehicles"
              />,
              <NavLink
                activeClassName="active"
                aria-current="page"
                to="favorites"
              />,
              <p
                className="num-faves"
              >
                 
                2
                 favorites saved 
              </p>,
            ],
          },
          "ref": null,
          "rendered": Array [
            Object {
              "instance": null,
              "key": undefined,
              "nodeType": "function",
              "props": Object {
                "activeClassName": "active",
                "aria-current": "page",
                "onClick": undefined,
                "to": "/people",
              },
              "ref": null,
              "rendered": null,
              "type": [Function],
            },
            Object {
              "instance": null,
              "key": undefined,
              "nodeType": "function",
              "props": Object {
                "activeClassName": "active",
                "aria-current": "page",
                "onClick": undefined,
                "to": "/planets",
              },
              "ref": null,
              "rendered": null,
              "type": [Function],
            },
            Object {
              "instance": null,
              "key": undefined,
              "nodeType": "function",
              "props": Object {
                "activeClassName": "active",
                "aria-current": "page",
                "onClick": undefined,
                "to": "/vehicles",
              },
              "ref": null,
              "rendered": null,
              "type": [Function],
            },
            Object {
              "instance": null,
              "key": undefined,
              "nodeType": "function",
              "props": Object {
                "activeClassName": "active",
                "aria-current": "page",
                "to": "favorites",
              },
              "ref": null,
              "rendered": null,
              "type": [Function],
            },
            Object {
              "instance": null,
              "key": undefined,
              "nodeType": "host",
              "props": Object {
                "children": Array [
                  " ",
                  2,
                  " favorites saved ",
                ],
                "className": "num-faves",
              },
              "ref": null,
              "rendered": Array [
                " ",
                2,
                " favorites saved ",
              ],
              "type": "p",
            },
          ],
          "type": "div",
        },
        "type": "ul",
      },
      "type": "div",
    },
    "type": "div",
  },
  Symbol(enzyme.__nodes__): Array [
    Object {
      "instance": null,
      "key": undefined,
      "nodeType": "host",
      "props": Object {
        "children": <div
          className="menu-button"
          onClick={[Function]}
        >
          <ul
            className=""
          >
            <div>
              <NavLink
                activeClassName="active"
                aria-current="page"
                to="/people"
              />
              <NavLink
                activeClassName="active"
                aria-current="page"
                to="/planets"
              />
              <NavLink
                activeClassName="active"
                aria-current="page"
                to="/vehicles"
              />
              <NavLink
                activeClassName="active"
                aria-current="page"
                to="favorites"
              />
              <p
                className="num-faves"
              >
                 
                2
                 favorites saved 
              </p>
            </div>
          </ul>
        </div>,
        "className": "menu",
      },
      "ref": null,
      "rendered": Object {
        "instance": null,
        "key": undefined,
        "nodeType": "host",
        "props": Object {
          "children": <ul
            className=""
          >
            <div>
              <NavLink
                activeClassName="active"
                aria-current="page"
                to="/people"
              />
              <NavLink
                activeClassName="active"
                aria-current="page"
                to="/planets"
              />
              <NavLink
                activeClassName="active"
                aria-current="page"
                to="/vehicles"
              />
              <NavLink
                activeClassName="active"
                aria-current="page"
                to="favorites"
              />
              <p
                className="num-faves"
              >
                 
                2
                 favorites saved 
              </p>
            </div>
          </ul>,
          "className": "menu-button",
          "onClick": [Function],
        },
        "ref": null,
        "rendered": Object {
          "instance": null,
          "key": undefined,
          "nodeType": "host",
          "props": Object {
            "children": <div>
              <NavLink
                activeClassName="active"
                aria-current="page"
                to="/people"
              />
              <NavLink
                activeClassName="active"
                aria-current="page"
                to="/planets"
              />
              <NavLink
                activeClassName="active"
                aria-current="page"
                to="/vehicles"
              />
              <NavLink
                activeClassName="active"
                aria-current="page"
                to="favorites"
              />
              <p
                className="num-faves"
              >
                 
                2
                 favorites saved 
              </p>
            </div>,
            "className": "",
          },
          "ref": null,
          "rendered": Object {
            "instance": null,
            "key": undefined,
            "nodeType": "host",
            "props": Object {
              "children": Array [
                <NavLink
                  activeClassName="active"
                  aria-current="page"
                  to="/people"
                />,
                <NavLink
                  activeClassName="active"
                  aria-current="page"
                  to="/planets"
                />,
                <NavLink
                  activeClassName="active"
                  aria-current="page"
                  to="/vehicles"
                />,
                <NavLink
                  activeClassName="active"
                  aria-current="page"
                  to="favorites"
                />,
                <p
                  className="num-faves"
                >
                   
                  2
                   favorites saved 
                </p>,
              ],
            },
            "ref": null,
            "rendered": Array [
              Object {
                "instance": null,
                "key": undefined,
                "nodeType": "function",
                "props": Object {
                  "activeClassName": "active",
                  "aria-current": "page",
                  "onClick": undefined,
                  "to": "/people",
                },
                "ref": null,
                "rendered": null,
                "type": [Function],
              },
              Object {
                "instance": null,
                "key": undefined,
                "nodeType": "function",
                "props": Object {
                  "activeClassName": "active",
                  "aria-current": "page",
                  "onClick": undefined,
                  "to": "/planets",
                },
                "ref": null,
                "rendered": null,
                "type": [Function],
              },
              Object {
                "instance": null,
                "key": undefined,
                "nodeType": "function",
                "props": Object {
                  "activeClassName": "active",
                  "aria-current": "page",
                  "onClick": undefined,
                  "to": "/vehicles",
                },
                "ref": null,
                "rendered": null,
                "type": [Function],
              },
              Object {
                "instance": null,
                "key": undefined,
                "nodeType": "function",
                "props": Object {
                  "activeClassName": "active",
                  "aria-current": "page",
                  "to": "favorites",
                },
                "ref": null,
                "rendered": null,
                "type": [Function],
              },
              Object {
                "instance": null,
                "key": undefined,
                "nodeType": "host",
                "props": Object {
                  "children": Array [
                    " ",
                    2,
                    " favorites saved ",
                  ],
                  "className": "num-faves",
                },
                "ref": null,
                "rendered": Array [
                  " ",
                  2,
                  " favorites saved ",
                ],
                "type": "p",
              },
            ],
            "type": "div",
          },
          "type": "ul",
        },
        "type": "div",
      },
      "type": "div",
    },
  ],
  Symbol(enzyme.__options__): Object {
    "adapter": ReactSixteenAdapter {
      "options": Object {
        "enableComponentDidUpdateOnSetState": true,
        "lifecycles": Object {
          "componentDidUpdate": Object {
            "onSetState": true,
          },
          "getDerivedStateFromProps": true,
          "getSnapshotBeforeUpdate": true,
          "setState": Object {
            "skipsComponentDidUpdateOnNullish": true,
          },
        },
      },
    },
  },
}
`;
